Copy section of size 6 to 0x4000
Copy section of size 174 to 0x4006
Copy section of size 21 to 0x40b4
OUTPUT=05
