OUTPUT=ff
OUTPUT=20
OUTPUT=30
OUTPUT=10
OUTPUT=20
OUTPUT=20
OUTPUT=30
OUTPUT=30
OUTPUT=10
OUTPUT=10
OUTPUT=02
OUTPUT=03
OUTPUT=aa
OUTPUT=20
OUTPUT=0e
OUTPUT=0b
OUTPUT=ff
OUTPUT=30
OUTPUT=0c
OUTPUT=08
OUTPUT=55
OUTPUT=10
OUTPUT=ff
