OUTPUT=01
OUTPUT=02
OUTPUT=03
OUTPUT=04
OUTPUT=05
OUTPUT=06
OUTPUT=07
OUTPUT=08
OUTPUT=ff
