OUTPUT=00
OUTPUT=00
OUTPUT=ff
OUTPUT=00
OUTPUT=01
OUTPUT=ff
OUTPUT=00
OUTPUT=02
OUTPUT=ff
