OUTPUT=00
OUTPUT=ff
OUTPUT=aa
OUTPUT=02
OUTPUT=01
