OUTPUT=31
OUTPUT=32
OUTPUT=33
OUTPUT=34
OUTPUT=35
OUTPUT=36
OUTPUT=37
OUTPUT=38
OUTPUT=39
OUTPUT=40
OUTPUT=41
OUTPUT=42
OUTPUT=50
OUTPUT=52
OUTPUT=54
OUTPUT=56
OUTPUT=58
OUTPUT=60
OUTPUT=62
