Copy section of size 6 to 0x4000
Copy section of size 824 to 0x4006
Copy section of size 39 to 0x433e
00
01
02
03
04
05
06
07
08
09
0a
0b
0c
0d
0f0a0f
ff
ff
ff
