OUTPUT=65
OUTPUT=64
OUTPUT=63
OUTPUT=62
OUTPUT=61
OUTPUT=00
