OUTPUT=00
OUTPUT=03
OUTPUT=00
OUTPUT=01
OUTPUT=00
OUTPUT=01
OUTPUT=03
OUTPUT=85
