OUTPUT=66
OUTPUT=6f
OUTPUT=6f
OUTPUT=62
OUTPUT=61
OUTPUT=72
