OUTPUT=00
OUTPUT=00
OUTPUT=00
OUTPUT=00
OUTPUT=00
OUTPUT=35
OUTPUT=34
OUTPUT=33
OUTPUT=32
OUTPUT=31
OUTPUT=05
